// Jest Snapshot v1, https://goo.gl/fbAQLP

exports[`ShopPage should create ShopPage component snapshot 1`] = `ShallowWrapper {}`;
